------------------------------------------------------------
TimeQuest Timing Analyzer Summary
------------------------------------------------------------

Type  : Slow 1100mV 85C Model Setup 'auto_stp_external_clock_1'
Slack : 2.742
TNS   : 0.000

Type  : Slow 1100mV 85C Model Setup 'CLOCK_50'
Slack : 5.757
TNS   : 0.000

Type  : Slow 1100mV 85C Model Setup 'altera_reserved_tck'
Slack : 7.990
TNS   : 0.000

Type  : Slow 1100mV 85C Model Hold 'CLOCK_50'
Slack : -0.003
TNS   : -0.003

Type  : Slow 1100mV 85C Model Hold 'altera_reserved_tck'
Slack : 0.210
TNS   : 0.000

Type  : Slow 1100mV 85C Model Hold 'auto_stp_external_clock_1'
Slack : 0.279
TNS   : 0.000

Type  : Slow 1100mV 85C Model Recovery 'altera_reserved_tck'
Slack : 14.837
TNS   : 0.000

Type  : Slow 1100mV 85C Model Recovery 'KEY[2]'
Slack : 15.180
TNS   : 0.000

Type  : Slow 1100mV 85C Model Removal 'altera_reserved_tck'
Slack : 0.644
TNS   : 0.000

Type  : Slow 1100mV 85C Model Removal 'KEY[2]'
Slack : 1.770
TNS   : 0.000

Type  : Slow 1100mV 85C Model Minimum Pulse Width 'CLOCK_50'
Slack : 8.928
TNS   : 0.000

Type  : Slow 1100mV 85C Model Minimum Pulse Width 'altera_reserved_tck'
Slack : 14.910
TNS   : 0.000

Type  : Slow 1100mV 85C Model Minimum Pulse Width 'auto_stp_external_clock_1'
Slack : 18.859
TNS   : 0.000

Type  : Slow 1100mV 85C Model Minimum Pulse Width 'KEY[2]'
Slack : 19.118
TNS   : 0.000

Type  : Slow 1100mV 0C Model Setup 'auto_stp_external_clock_1'
Slack : 3.380
TNS   : 0.000

Type  : Slow 1100mV 0C Model Setup 'CLOCK_50'
Slack : 6.022
TNS   : 0.000

Type  : Slow 1100mV 0C Model Setup 'altera_reserved_tck'
Slack : 8.298
TNS   : 0.000

Type  : Slow 1100mV 0C Model Hold 'CLOCK_50'
Slack : -0.053
TNS   : -0.053

Type  : Slow 1100mV 0C Model Hold 'auto_stp_external_clock_1'
Slack : 0.261
TNS   : 0.000

Type  : Slow 1100mV 0C Model Hold 'altera_reserved_tck'
Slack : 0.265
TNS   : 0.000

Type  : Slow 1100mV 0C Model Recovery 'altera_reserved_tck'
Slack : 14.954
TNS   : 0.000

Type  : Slow 1100mV 0C Model Recovery 'KEY[2]'
Slack : 15.350
TNS   : 0.000

Type  : Slow 1100mV 0C Model Removal 'altera_reserved_tck'
Slack : 0.596
TNS   : 0.000

Type  : Slow 1100mV 0C Model Removal 'KEY[2]'
Slack : 1.799
TNS   : 0.000

Type  : Slow 1100mV 0C Model Minimum Pulse Width 'CLOCK_50'
Slack : 8.926
TNS   : 0.000

Type  : Slow 1100mV 0C Model Minimum Pulse Width 'altera_reserved_tck'
Slack : 14.881
TNS   : 0.000

Type  : Slow 1100mV 0C Model Minimum Pulse Width 'auto_stp_external_clock_1'
Slack : 18.807
TNS   : 0.000

Type  : Slow 1100mV 0C Model Minimum Pulse Width 'KEY[2]'
Slack : 19.016
TNS   : 0.000

Type  : Fast 1100mV 85C Model Setup 'auto_stp_external_clock_1'
Slack : 4.817
TNS   : 0.000

Type  : Fast 1100mV 85C Model Setup 'CLOCK_50'
Slack : 6.525
TNS   : 0.000

Type  : Fast 1100mV 85C Model Setup 'altera_reserved_tck'
Slack : 11.300
TNS   : 0.000

Type  : Fast 1100mV 85C Model Hold 'altera_reserved_tck'
Slack : 0.084
TNS   : 0.000

Type  : Fast 1100mV 85C Model Hold 'CLOCK_50'
Slack : 0.154
TNS   : 0.000

Type  : Fast 1100mV 85C Model Hold 'auto_stp_external_clock_1'
Slack : 0.160
TNS   : 0.000

Type  : Fast 1100mV 85C Model Recovery 'altera_reserved_tck'
Slack : 15.966
TNS   : 0.000

Type  : Fast 1100mV 85C Model Recovery 'KEY[2]'
Slack : 17.270
TNS   : 0.000

Type  : Fast 1100mV 85C Model Removal 'altera_reserved_tck'
Slack : 0.287
TNS   : 0.000

Type  : Fast 1100mV 85C Model Removal 'KEY[2]'
Slack : 0.641
TNS   : 0.000

Type  : Fast 1100mV 85C Model Minimum Pulse Width 'CLOCK_50'
Slack : 8.482
TNS   : 0.000

Type  : Fast 1100mV 85C Model Minimum Pulse Width 'altera_reserved_tck'
Slack : 14.586
TNS   : 0.000

Type  : Fast 1100mV 85C Model Minimum Pulse Width 'auto_stp_external_clock_1'
Slack : 18.841
TNS   : 0.000

Type  : Fast 1100mV 85C Model Minimum Pulse Width 'KEY[2]'
Slack : 18.911
TNS   : 0.000

Type  : Fast 1100mV 0C Model Setup 'auto_stp_external_clock_1'
Slack : 5.206
TNS   : 0.000

Type  : Fast 1100mV 0C Model Setup 'CLOCK_50'
Slack : 6.830
TNS   : 0.000

Type  : Fast 1100mV 0C Model Setup 'altera_reserved_tck'
Slack : 12.024
TNS   : 0.000

Type  : Fast 1100mV 0C Model Hold 'altera_reserved_tck'
Slack : 0.094
TNS   : 0.000

Type  : Fast 1100mV 0C Model Hold 'CLOCK_50'
Slack : 0.139
TNS   : 0.000

Type  : Fast 1100mV 0C Model Hold 'auto_stp_external_clock_1'
Slack : 0.145
TNS   : 0.000

Type  : Fast 1100mV 0C Model Recovery 'altera_reserved_tck'
Slack : 16.146
TNS   : 0.000

Type  : Fast 1100mV 0C Model Recovery 'KEY[2]'
Slack : 17.627
TNS   : 0.000

Type  : Fast 1100mV 0C Model Removal 'altera_reserved_tck'
Slack : 0.236
TNS   : 0.000

Type  : Fast 1100mV 0C Model Removal 'KEY[2]'
Slack : 0.446
TNS   : 0.000

Type  : Fast 1100mV 0C Model Minimum Pulse Width 'CLOCK_50'
Slack : 8.434
TNS   : 0.000

Type  : Fast 1100mV 0C Model Minimum Pulse Width 'altera_reserved_tck'
Slack : 14.589
TNS   : 0.000

Type  : Fast 1100mV 0C Model Minimum Pulse Width 'auto_stp_external_clock_1'
Slack : 18.831
TNS   : 0.000

Type  : Fast 1100mV 0C Model Minimum Pulse Width 'KEY[2]'
Slack : 18.839
TNS   : 0.000

------------------------------------------------------------
